
Discarded input sections

 .note.GNU-stack
                0x0000000000000000        0x0 app.o

Memory Configuration

Name             Origin             Length             Attributes
*default*        0x0000000000000000 0xffffffffffffffff

Linker script and memory map

LOAD app.o
                0x0000000008048000                PROVIDE (__executable_start, 0x8048000)
                0x0000000008048074                . = (0x8048000 + SIZEOF_HEADERS)

.interp
 *(.interp)

.note.gnu.build-id
 *(.note.gnu.build-id)

.hash
 *(.hash)

.gnu.hash
 *(.gnu.hash)

.dynsym
 *(.dynsym)

.dynstr
 *(.dynstr)

.gnu.version
 *(.gnu.version)

.gnu.version_d
 *(.gnu.version_d)

.gnu.version_r
 *(.gnu.version_r)

.rel.dyn        0x0000000008048074        0x0
 *(.rel.init)
 *(.rel.text .rel.text.* .rel.gnu.linkonce.t.*)
 .rel.text      0x0000000000000000        0x0 app.o
 *(.rel.fini)
 *(.rel.rodata .rel.rodata.* .rel.gnu.linkonce.r.*)
 *(.rel.data.rel.ro* .rel.gnu.linkonce.d.rel.ro.*)
 *(.rel.data .rel.data.* .rel.gnu.linkonce.d.*)
 *(.rel.tdata .rel.tdata.* .rel.gnu.linkonce.td.*)
 *(.rel.tbss .rel.tbss.* .rel.gnu.linkonce.tb.*)
 *(.rel.ctors)
 *(.rel.dtors)
 *(.rel.got)
 *(.rel.sharable_data .rel.sharable_data.* .rel.gnu.linkonce.shrd.*)
 *(.rel.sharable_bss .rel.sharable_bss.* .rel.gnu.linkonce.shrb.*)
 *(.rel.bss .rel.bss.* .rel.gnu.linkonce.b.*)
 *(.rel.ifunc)

.rel.plt        0x0000000008048074        0x0
 *(.rel.plt)
                0x0000000008048074                PROVIDE (__rel_iplt_start, .)
 *(.rel.iplt)
 .rel.iplt      0x0000000000000000        0x0 app.o
                0x0000000008048074                PROVIDE (__rel_iplt_end, .)

.init
 *(.init)

.plt            0x0000000008048074        0x0
 *(.plt)
 *(.iplt)
 .iplt          0x0000000000000000        0x0 app.o

.text           0x0000000008048074       0xd9
 *(.text.unlikely .text.*_unlikely)
 *(.text .stub .text.* .gnu.linkonce.t.*)
 .text          0x0000000008048074       0xd9 app.o
                0x0000000008048074                show_ban
                0x00000000080480e8                main
 *(.gnu.warning)

.fini
 *(.fini)
                0x000000000804814d                PROVIDE (__etext, .)
                0x000000000804814d                PROVIDE (_etext, .)
                0x000000000804814d                PROVIDE (etext, .)

.rodata         0x000000000804814d        0x9
 *(.rodata .rodata.* .gnu.linkonce.r.*)
 .rodata        0x000000000804814d        0x9 app.o

.rodata1
 *(.rodata1)

.eh_frame_hdr
 *(.eh_frame_hdr)

.eh_frame
 *(.eh_frame)

.gcc_except_table
 *(.gcc_except_table .gcc_except_table.*)
                0x0000000008048156                . = (ALIGN (0x1000) - ((0x1000 - .) & 0xfff))
                0x0000000008049156                . = (0x1000 DATA_SEGMENT_ALIGN 0x1000)

.eh_frame
 *(.eh_frame)

.gcc_except_table
 *(.gcc_except_table .gcc_except_table.*)

.tdata
 *(.tdata .tdata.* .gnu.linkonce.td.*)

.tbss
 *(.tbss .tbss.* .gnu.linkonce.tb.*)
 *(.tcommon)

.preinit_array  0x0000000008049156        0x0
                0x0000000008049156                PROVIDE (__preinit_array_start, .)
 *(.preinit_array)
                0x0000000008049156                PROVIDE (__preinit_array_end, .)

.init_array     0x0000000008049156        0x0
                0x0000000008049156                PROVIDE (__init_array_start, .)
 *(SORT(.init_array.*))
 *(.init_array)
                0x0000000008049156                PROVIDE (__init_array_end, .)

.fini_array     0x0000000008049156        0x0
                0x0000000008049156                PROVIDE (__fini_array_start, .)
 *(.fini_array)
 *(SORT(.fini_array.*))
                0x0000000008049156                PROVIDE (__fini_array_end, .)

.ctors
 *crtbegin.o(.ctors)
 *crtbegin?.o(.ctors)
 *(EXCLUDE_FILE(*crtend?.o *crtend.o) .ctors)
 *(SORT(.ctors.*))
 *(.ctors)

.dtors
 *crtbegin.o(.dtors)
 *crtbegin?.o(.dtors)
 *(EXCLUDE_FILE(*crtend?.o *crtend.o) .dtors)
 *(SORT(.dtors.*))
 *(.dtors)

.jcr
 *(.jcr)

.data.rel.ro
 *(.data.rel.ro.local* .gnu.linkonce.d.rel.ro.local.*)
 *(.data.rel.ro* .gnu.linkonce.d.rel.ro.*)

.dynamic
 *(.dynamic)

.got
 *(.got)
 *(.igot)
                0x0000000008049156                . = (. DATA_SEGMENT_RELRO_END 0xc)

.got.plt        0x0000000008049158        0x0 load address 0x0000000008049156
 *(.got.plt)
 *(.igot.plt)
 .igot.plt      0x0000000000000000        0x0 app.o

.data           0x0000000008049158        0x0 load address 0x0000000008049156
 *(.data .data.* .gnu.linkonce.d.*)
 .data          0x0000000008049158        0x0 app.o

.data1
 *(.data1)

.sharable_data  0x000000000804a000        0x0
                0x000000000804a000                PROVIDE (__sharable_data_start, .)
 *(.sharable_data .sharable_data.* .gnu.linkonce.shrd.*)
                0x000000000804a000                . = ALIGN ((. != 0x0)?0x1000:0x1)
                0x000000000804a000                PROVIDE (__sharable_data_end, .)
                0x000000000804a000                _edata = .
                0x000000000804a000                PROVIDE (edata, .)
                0x000000000804a000                __bss_start = .

.bss            0x0000000008049158        0x0 load address 0x0000000008049156
 *(.dynbss)
 *(.bss .bss.* .gnu.linkonce.b.*)
 .bss           0x0000000008049158        0x0 app.o
 *(COMMON)
                0x0000000008049158                . = ALIGN ((. != 0x0)?0x4:0x1)

.sharable_bss   0x000000000804a000        0x0
                0x000000000804a000                PROVIDE (__sharable_bss_start, .)
 *(.dynsharablebss)
 *(.sharable_bss .sharable_bss.* .gnu.linkonce.shrb.*)
 *(SHARABLE_COMMON)
                0x000000000804a000                . = ALIGN ((. != 0x0)?0x1000:0x1)
                0x000000000804a000                PROVIDE (__sharable_bss_end, .)
                0x000000000804a000                . = ALIGN (0x4)
                0x000000000804a000                . = ALIGN (0x4)
                0x000000000804a000                _end = .
                0x000000000804a000                PROVIDE (end, .)
                0x000000000804a000                . = DATA_SEGMENT_END (.)

.stab
 *(.stab)

.stabstr
 *(.stabstr)

.stab.excl
 *(.stab.excl)

.stab.exclstr
 *(.stab.exclstr)

.stab.index
 *(.stab.index)

.stab.indexstr
 *(.stab.indexstr)

.comment        0x0000000000000000       0x2c
 *(.comment)
 .comment       0x0000000000000000       0x2c app.o
                                         0x2d (size before relaxing)

.debug
 *(.debug)

.line
 *(.line)

.debug_srcinfo
 *(.debug_srcinfo)

.debug_sfnames
 *(.debug_sfnames)

.debug_aranges
 *(.debug_aranges)

.debug_pubnames
 *(.debug_pubnames)

.debug_info
 *(.debug_info .gnu.linkonce.wi.*)

.debug_abbrev
 *(.debug_abbrev)

.debug_line
 *(.debug_line)

.debug_frame
 *(.debug_frame)

.debug_str
 *(.debug_str)

.debug_loc
 *(.debug_loc)

.debug_macinfo
 *(.debug_macinfo)

.debug_weaknames
 *(.debug_weaknames)

.debug_funcnames
 *(.debug_funcnames)

.debug_typenames
 *(.debug_typenames)

.debug_varnames
 *(.debug_varnames)

.debug_pubtypes
 *(.debug_pubtypes)

.debug_ranges
 *(.debug_ranges)

.gnu.attributes
 *(.gnu.attributes)

/DISCARD/
 *(.note.GNU-stack)
 *(.gnu_debuglink)
 *(.gnu.lto_*)
OUTPUT(a.out elf32-i386)
